// Jest Snapshot v1, https://goo.gl/fbAQLP

exports[`Checar que no se render el pedaso de tabla 1`] = `
<table>
  <tbody />
</table>
`;

exports[`Checar si se render el pedaso de tabla 1`] = `
<table>
  <tbody>
    <tr>
      <td>
        1
      </td>
      <td>
        <a
          href="/1"
          onClick={[Function]}
        >
          1
        </a>
      </td>
      <td>
        1
      </td>
      <td>
        Uno
      </td>
      <td />
      <td>
        60
      </td>
      <td>
        20
      </td>
      <td>
        2017/06/27
      </td>
      <td>
        No
      </td>
    </tr>
    <tr>
      <td>
        2
      </td>
      <td>
        <a
          href="/2"
          onClick={[Function]}
        >
          2
        </a>
      </td>
      <td>
        2
      </td>
      <td>
        Dos
      </td>
      <td />
      <td>
        71
      </td>
      <td>
        52
      </td>
      <td>
        2017/06/27
      </td>
      <td>
        Si
      </td>
    </tr>
    <tr>
      <td>
        3
      </td>
      <td>
        <a
          href="/3"
          onClick={[Function]}
        >
          3
        </a>
      </td>
      <td>
        3
      </td>
      <td>
        Tres
      </td>
      <td />
      <td>
        60
      </td>
      <td>
        22
      </td>
      <td>
        2017/06/27
      </td>
      <td>
        No
      </td>
    </tr>
    <tr>
      <td>
        4
      </td>
      <td>
        <a
          href="/4"
          onClick={[Function]}
        >
          4
        </a>
      </td>
      <td>
        4
      </td>
      <td>
        Cuatro
      </td>
      <td />
      <td>
        65
      </td>
      <td>
        20
      </td>
      <td>
        2017/06/27
      </td>
      <td>
        Si
      </td>
    </tr>
    <tr>
      <td>
        5
      </td>
      <td>
        <a
          href="/5"
          onClick={[Function]}
        >
          5
        </a>
      </td>
      <td>
        5
      </td>
      <td>
        Cinco
      </td>
      <td />
      <td>
        60
      </td>
      <td>
        20
      </td>
      <td>
        2017/06/27
      </td>
      <td>
        No
      </td>
    </tr>
    <tr>
      <td>
        6
      </td>
      <td>
        <a
          href="/6"
          onClick={[Function]}
        >
          6
        </a>
      </td>
      <td>
        6
      </td>
      <td>
        Seis
      </td>
      <td />
      <td>
        60
      </td>
      <td>
        70
      </td>
      <td>
        2017/06/27
      </td>
      <td>
        Si
      </td>
    </tr>
    <tr>
      <td>
        7
      </td>
      <td>
        <a
          href="/7"
          onClick={[Function]}
        >
          7
        </a>
      </td>
      <td>
        7
      </td>
      <td>
        Siete
      </td>
      <td />
      <td>
        80
      </td>
      <td>
        90
      </td>
      <td>
        2017/06/27
      </td>
      <td>
        Si
      </td>
    </tr>
    <tr>
      <td>
        8
      </td>
      <td>
        <a
          href="/8"
          onClick={[Function]}
        >
          8
        </a>
      </td>
      <td>
        8
      </td>
      <td>
        Ocho
      </td>
      <td />
      <td>
        30
      </td>
      <td>
        20
      </td>
      <td>
        2017/06/27
      </td>
      <td>
        No
      </td>
    </tr>
    <tr>
      <td>
        9
      </td>
      <td>
        <a
          href="/9"
          onClick={[Function]}
        >
          9
        </a>
      </td>
      <td>
        9
      </td>
      <td>
        Nueve
      </td>
      <td />
      <td>
        60
      </td>
      <td>
        60
      </td>
      <td>
        2017/06/27
      </td>
      <td>
        Si
      </td>
    </tr>
    <tr>
      <td>
        10
      </td>
      <td>
        <a
          href="/10"
          onClick={[Function]}
        >
          10
        </a>
      </td>
      <td>
        10
      </td>
      <td>
        Diez
      </td>
      <td />
      <td>
        70
      </td>
      <td>
        40
      </td>
      <td>
        2017/06/27
      </td>
      <td>
        Si
      </td>
    </tr>
  </tbody>
</table>
`;
